// Jest Snapshot v1, https://goo.gl/fbAQLP

exports[`<TristateCheckbox /> matches snapshot 1`] = `
<div
  className="undefined tristate-checkbox unchecked"
  onClick={[Function]}
/>
`;
