// Jest Snapshot v1, https://goo.gl/fbAQLP

exports[`<TextInput /> should match snapshot 1`] = `
<input
  className="undefined text-input form-control "
  placeholder="test"
  type="text"
  value="test"
/>
`;
