// Jest Snapshot v1, https://goo.gl/fbAQLP

exports[`<Heading /> matches snapshot 1`] = `
<h1
  className="Heading undefined"
>
  Hello Test
</h1>
`;
